
> motor-apuracao-renda@0.1.0 build
> next build

  Ôû▓ Next.js 14.2.29
  - Environments: .env.local

   Creating an optimized production build ...
Failed to compile.

./app/globals.css
Module not found: Can't resolve 'tailwindcss'

https://nextjs.org/docs/messages/module-not-found

Import trace for requested module:
./app/globals.css

./app/globals.css
Error: Can't resolve 'tailwindcss'
    at finishWithoutResolve (C:\Users\hokma\OneDrive\Desktop\web-apura├º├úo de renda\node_modules\next\dist\compiled\webpack\bundle5.js:1:192542)
    at C:\Users\hokma\OneDrive\Desktop\web-apura├º├úo de renda\node_modules\next\dist\compiled\webpack\bundle5.js:1:193439
    at C:\Users\hokma\OneDrive\Desktop\web-apura├º├úo de renda\node_modules\next\dist\compiled\webpack\bundle5.js:1:194068
    at eval (eval at create (C:\Users\hokma\OneDrive\Desktop\web-apura├º├úo de renda\node_modules\next\dist\compiled\webpack\bundle5.js:13:28858), <anonymous>:16:1)
    at C:\Users\hokma\OneDrive\Desktop\web-apura├º├úo de renda\node_modules\next\dist\compiled\webpack\bundle5.js:1:194068
    at eval (eval at create (C:\Users\hokma\OneDrive\Desktop\web-apura├º├úo de renda\node_modules\next\dist\compiled\webpack\bundle5.js:13:28858), <anonymous>:27:1)
    at C:\Users\hokma\OneDrive\Desktop\web-apura├º├úo de renda\node_modules\next\dist\compiled\webpack\bundle5.js:1:176872
    at C:\Users\hokma\OneDrive\Desktop\web-apura├º├úo de renda\node_modules\next\dist\compiled\webpack\bundle5.js:1:194068
    at eval (eval at create (C:\Users\hokma\OneDrive\Desktop\web-apura├º├úo de renda\node_modules\next\dist\compiled\webpack\bundle5.js:13:28858), <anonymous>:16:1)
    at C:\Users\hokma\OneDrive\Desktop\web-apura├º├úo de renda\node_modules\next\dist\compiled\webpack\bundle5.js:1:209682

https://nextjs.org/docs/messages/module-not-found


> Build failed because of webpack errors
